Archive member included because of file (symbol)

/Applications/KDS_v3.app/Contents/toolchain/bin/../lib/gcc/arm-none-eabi/4.8.4/../../../../arm-none-eabi/lib/armv7e-m/libg_s.a(lib_a-exit.o)
                              /Applications/KDS_v3.app/Contents/toolchain/bin/../lib/gcc/arm-none-eabi/4.8.4/../../../../arm-none-eabi/lib/armv7e-m/crt0.o (exit)
/Applications/KDS_v3.app/Contents/toolchain/bin/../lib/gcc/arm-none-eabi/4.8.4/../../../../arm-none-eabi/lib/armv7e-m/libg_s.a(lib_a-impure.o)
                              /Applications/KDS_v3.app/Contents/toolchain/bin/../lib/gcc/arm-none-eabi/4.8.4/../../../../arm-none-eabi/lib/armv7e-m/libg_s.a(lib_a-exit.o) (_global_impure_ptr)
/Applications/KDS_v3.app/Contents/toolchain/bin/../lib/gcc/arm-none-eabi/4.8.4/../../../../arm-none-eabi/lib/armv7e-m/libg_s.a(lib_a-init.o)
                              /Applications/KDS_v3.app/Contents/toolchain/bin/../lib/gcc/arm-none-eabi/4.8.4/../../../../arm-none-eabi/lib/armv7e-m/crt0.o (__libc_init_array)
/Applications/KDS_v3.app/Contents/toolchain/bin/../lib/gcc/arm-none-eabi/4.8.4/../../../../arm-none-eabi/lib/armv7e-m/libg_s.a(lib_a-memset.o)
                              /Applications/KDS_v3.app/Contents/toolchain/bin/../lib/gcc/arm-none-eabi/4.8.4/../../../../arm-none-eabi/lib/armv7e-m/crt0.o (memset)
/Applications/KDS_v3.app/Contents/toolchain/bin/../lib/gcc/arm-none-eabi/4.8.4/../../../../arm-none-eabi/lib/armv7e-m/libg_s.a(lib_a-printf.o)
                              ./Sources/main.o (printf)
/Applications/KDS_v3.app/Contents/toolchain/bin/../lib/gcc/arm-none-eabi/4.8.4/../../../../arm-none-eabi/lib/armv7e-m/libg_s.a(lib_a-puts.o)
                              ./Sources/main.o (puts)
/Applications/KDS_v3.app/Contents/toolchain/bin/../lib/gcc/arm-none-eabi/4.8.4/../../../../arm-none-eabi/lib/armv7e-m/libg_s.a(lib_a-vfprintf.o)
                              /Applications/KDS_v3.app/Contents/toolchain/bin/../lib/gcc/arm-none-eabi/4.8.4/../../../../arm-none-eabi/lib/armv7e-m/libg_s.a(lib_a-printf.o) (_vfprintf_r)
/Applications/KDS_v3.app/Contents/toolchain/bin/../lib/gcc/arm-none-eabi/4.8.4/../../../../arm-none-eabi/lib/armv7e-m/libg_s.a(lib_a-vfprintf_i.o)
                              /Applications/KDS_v3.app/Contents/toolchain/bin/../lib/gcc/arm-none-eabi/4.8.4/../../../../arm-none-eabi/lib/armv7e-m/libg_s.a(lib_a-vfprintf.o) (_printf_i)
/Applications/KDS_v3.app/Contents/toolchain/bin/../lib/gcc/arm-none-eabi/4.8.4/../../../../arm-none-eabi/lib/armv7e-m/libg_s.a(lib_a-wbuf.o)
                              /Applications/KDS_v3.app/Contents/toolchain/bin/../lib/gcc/arm-none-eabi/4.8.4/../../../../arm-none-eabi/lib/armv7e-m/libg_s.a(lib_a-puts.o) (__swbuf_r)
/Applications/KDS_v3.app/Contents/toolchain/bin/../lib/gcc/arm-none-eabi/4.8.4/../../../../arm-none-eabi/lib/armv7e-m/libg_s.a(lib_a-wsetup.o)
                              /Applications/KDS_v3.app/Contents/toolchain/bin/../lib/gcc/arm-none-eabi/4.8.4/../../../../arm-none-eabi/lib/armv7e-m/libg_s.a(lib_a-puts.o) (__swsetup_r)
/Applications/KDS_v3.app/Contents/toolchain/bin/../lib/gcc/arm-none-eabi/4.8.4/../../../../arm-none-eabi/lib/armv7e-m/libg_s.a(lib_a-fflush.o)
                              /Applications/KDS_v3.app/Contents/toolchain/bin/../lib/gcc/arm-none-eabi/4.8.4/../../../../arm-none-eabi/lib/armv7e-m/libg_s.a(lib_a-wbuf.o) (_fflush_r)
/Applications/KDS_v3.app/Contents/toolchain/bin/../lib/gcc/arm-none-eabi/4.8.4/../../../../arm-none-eabi/lib/armv7e-m/libg_s.a(lib_a-findfp.o)
                              /Applications/KDS_v3.app/Contents/toolchain/bin/../lib/gcc/arm-none-eabi/4.8.4/../../../../arm-none-eabi/lib/armv7e-m/libg_s.a(lib_a-printf.o) (__sinit)
/Applications/KDS_v3.app/Contents/toolchain/bin/../lib/gcc/arm-none-eabi/4.8.4/../../../../arm-none-eabi/lib/armv7e-m/libg_s.a(lib_a-fvwrite.o)
                              /Applications/KDS_v3.app/Contents/toolchain/bin/../lib/gcc/arm-none-eabi/4.8.4/../../../../arm-none-eabi/lib/armv7e-m/libg_s.a(lib_a-vfprintf.o) (__sfvwrite_r)
/Applications/KDS_v3.app/Contents/toolchain/bin/../lib/gcc/arm-none-eabi/4.8.4/../../../../arm-none-eabi/lib/armv7e-m/libg_s.a(lib_a-fwalk.o)
                              /Applications/KDS_v3.app/Contents/toolchain/bin/../lib/gcc/arm-none-eabi/4.8.4/../../../../arm-none-eabi/lib/armv7e-m/libg_s.a(lib_a-findfp.o) (_fwalk)
/Applications/KDS_v3.app/Contents/toolchain/bin/../lib/gcc/arm-none-eabi/4.8.4/../../../../arm-none-eabi/lib/armv7e-m/libg_s.a(lib_a-makebuf.o)
                              /Applications/KDS_v3.app/Contents/toolchain/bin/../lib/gcc/arm-none-eabi/4.8.4/../../../../arm-none-eabi/lib/armv7e-m/libg_s.a(lib_a-wsetup.o) (__smakebuf_r)
/Applications/KDS_v3.app/Contents/toolchain/bin/../lib/gcc/arm-none-eabi/4.8.4/../../../../arm-none-eabi/lib/armv7e-m/libg_s.a(lib_a-memchr-stub.o)
                              /Applications/KDS_v3.app/Contents/toolchain/bin/../lib/gcc/arm-none-eabi/4.8.4/../../../../arm-none-eabi/lib/armv7e-m/libg_s.a(lib_a-vfprintf.o) (memchr)
[...]
Memory Configuration

Name             Origin             Length             Attributes
m_interrupts     0x0000000000000000 0x0000000000000400 xr
m_flash_config   0x0000000000000400 0x0000000000000010 xr
m_text           0x0000000000000410 0x000000000003fbf0 xr
m_data           0x000000001fff8000 0x0000000000008000 rw
m_data_2         0x0000000020000000 0x0000000000008000 rw
*default*        0x0000000000000000 0xffffffffffffffff

Linker script and memory map

LOAD /Applications/KDS_v3.app/Contents/toolchain/bin/../lib/gcc/arm-none-eabi/4.8.4/armv7e-m/crti.o
LOAD /Applications/KDS_v3.app/Contents/toolchain/bin/../lib/gcc/arm-none-eabi/4.8.4/armv7e-m/crtbegin.o
LOAD /Applications/KDS_v3.app/Contents/toolchain/bin/../lib/gcc/arm-none-eabi/4.8.4/../../../../arm-none-eabi/lib/armv7e-m/crt0.o
LOAD ./Sources/main.o
LOAD ./Project_Settings/Startup_Code/startup_MK60D10.o
LOAD ./Project_Settings/Startup_Code/system_MK60D10.o
LOAD /Applications/KDS_v3.app/Contents/toolchain/bin/../lib/gcc/arm-none-eabi/4.8.4/../../../../arm-none-eabi/lib/armv7e-m/libstdc++_s.a
LOAD /Applications/KDS_v3.app/Contents/toolchain/bin/../lib/gcc/arm-none-eabi/4.8.4/../../../../arm-none-eabi/lib/armv7e-m/libm.a
START GROUP
LOAD /Applications/KDS_v3.app/Contents/toolchain/bin/../lib/gcc/arm-none-eabi/4.8.4/armv7e-m/libgcc.a
LOAD /Applications/KDS_v3.app/Contents/toolchain/bin/../lib/gcc/arm-none-eabi/4.8.4/../../../../arm-none-eabi/lib/armv7e-m/libg_s.a
LOAD /Applications/KDS_v3.app/Contents/toolchain/bin/../lib/gcc/arm-none-eabi/4.8.4/../../../../arm-none-eabi/lib/armv7e-m/libc_s.a
END GROUP
START GROUP
LOAD /Applications/KDS_v3.app/Contents/toolchain/bin/../lib/gcc/arm-none-eabi/4.8.4/armv7e-m/libgcc.a
LOAD /Applications/KDS_v3.app/Contents/toolchain/bin/../lib/gcc/arm-none-eabi/4.8.4/../../../../arm-none-eabi/lib/armv7e-m/libc_s.a
LOAD /Applications/KDS_v3.app/Contents/toolchain/bin/../lib/gcc/arm-none-eabi/4.8.4/../../../../arm-none-eabi/lib/armv7e-m/libnosys.a
END GROUP
START GROUP
LOAD /Applications/KDS_v3.app/Contents/toolchain/bin/../lib/gcc/arm-none-eabi/4.8.4/armv7e-m/libgcc.a
LOAD /Applications/KDS_v3.app/Contents/toolchain/bin/../lib/gcc/arm-none-eabi/4.8.4/../../../../arm-none-eabi/lib/armv7e-m/libc_s.a
LOAD /Applications/KDS_v3.app/Contents/toolchain/bin/../lib/gcc/arm-none-eabi/4.8.4/../../../../arm-none-eabi/lib/armv7e-m/libnosys.a
END GROUP
LOAD /Applications/KDS_v3.app/Contents/toolchain/bin/../lib/gcc/arm-none-eabi/4.8.4/armv7e-m/crtend.o
LOAD /Applications/KDS_v3.app/Contents/toolchain/bin/../lib/gcc/arm-none-eabi/4.8.4/armv7e-m/crtn.o
                0x0000000000000400                HEAP_SIZE = DEFINED (__heap_size__)?__heap_size__:0x400
                0x0000000000000400                STACK_SIZE = DEFINED (__stack_size__)?__stack_size__:0x400

.interrupts     0x0000000000000000      0x400
                0x0000000000000000                __VECTOR_TABLE = .
                0x0000000000000000                . = ALIGN (0x4)
 *(.isr_vector)
 .isr_vector    0x0000000000000000      0x400 ./Project_Settings/Startup_Code/startup_MK60D10.o
                0x0000000000000000                __isr_vector
                0x0000000000000400                . = ALIGN (0x4)

.flash_config   0x0000000000000400       0x10
                0x0000000000000400                . = ALIGN (0x4)
 *(.FlashConfig)
 .FlashConfig   0x0000000000000400       0x10 ./Project_Settings/Startup_Code/startup_MK60D10.o
                0x0000000000000410                . = ALIGN (0x4)

.text           0x0000000000000410     0x1abc
                0x0000000000000410                . = ALIGN (0x4)
 *(.text)
 .text          0x0000000000000410       0x54 /Applications/KDS_v3.app/Contents/toolchain/bin/../lib/gcc/arm-none-eabi/4.8.4/armv7e-m/crtbegin.o
 .text          0x0000000000000464       0x74 /Applications/KDS_v3.app/Contents/toolchain/bin/../lib/gcc/arm-none-eabi/4.8.4/../../../../arm-none-eabi/lib/armv7e-m/crt0.o
                0x0000000000000464                _mainCRTStartup
                0x0000000000000464                _start
 .text          0x00000000000004d8       0x30 ./Project_Settings/Startup_Code/startup_MK60D10.o
                0x00000000000004d8                Reset_Handler
                0x0000000000000504                Reserved111_IRQHandler
                0x0000000000000504                DebugMon_Handler
                0x0000000000000504                I2C0_IRQHandler
                0x0000000000000504                HardFault_Handler
                0x0000000000000504                CAN1_ORed_Message_buffer_IRQHandler
                0x0000000000000504                SysTick_Handler
                0x0000000000000504                UART3_RX_TX_IRQHandler
                0x0000000000000504                Reserved114_IRQHandler
                0x0000000000000504                PendSV_Handler
                0x0000000000000504                NMI_Handler
                0x0000000000000504                UART0_RX_TX_IRQHandler
                0x0000000000000504                I2C1_IRQHandler
                0x0000000000000504                DMA2_IRQHandler
                0x0000000000000504                Reserved59_IRQHandler
                0x0000000000000504                ENET_Error_IRQHandler
                0x0000000000000504                CAN0_Tx_Warning_IRQHandler
                0x0000000000000504                PIT0_IRQHandler
                0x0000000000000504                Reserved119_IRQHandler
                0x0000000000000504                CAN0_ORed_Message_buffer_IRQHandler
                0x0000000000000504                CMP2_IRQHandler
                0x0000000000000504                LLWU_IRQHandler
                0x0000000000000504                Reserved116_IRQHandler
                0x0000000000000504                TSI0_IRQHandler
                0x0000000000000504                ENET_Receive_IRQHandler
                0x0000000000000504                ENET_1588_Timer_IRQHandler
                0x0000000000000504                CAN1_Error_IRQHandler
                0x0000000000000504                UART2_RX_TX_IRQHandler
                0x0000000000000504                SWI_IRQHandler
                0x0000000000000504                ADC0_IRQHandler
                0x0000000000000504                UsageFault_Handler
                0x0000000000000504                I2S0_Tx_IRQHandler
                0x0000000000000504                CMT_IRQHandler
                0x0000000000000504                UART4_RX_TX_IRQHandler
                0x0000000000000504                SPI1_IRQHandler
                0x0000000000000504                DefaultISR
                0x0000000000000504                DMA9_IRQHandler
                0x0000000000000504                DMA14_IRQHandler
                0x0000000000000504                CMP1_IRQHandler
                0x0000000000000504                PORTD_IRQHandler
                0x0000000000000504                PORTB_IRQHandler
                0x0000000000000504                UART4_ERR_IRQHandler
                0x0000000000000504                ADC1_IRQHandler
                0x0000000000000504                PIT2_IRQHandler
                0x0000000000000504                I2S0_Rx_IRQHandler
                0x0000000000000504                DMA5_IRQHandler
                0x0000000000000504                RTC_IRQHandler
                0x0000000000000504                PDB0_IRQHandler
                0x0000000000000504                CAN1_Bus_Off_IRQHandler
                0x0000000000000504                FTM1_IRQHandler
                0x0000000000000504                UART5_RX_TX_IRQHandler
                0x0000000000000504                Reserved95_IRQHandler
                0x0000000000000504                UART3_ERR_IRQHandler
                0x0000000000000504                PIT3_IRQHandler
                0x0000000000000504                SDHC_IRQHandler
                0x0000000000000504                RTC_Seconds_IRQHandler
                0x0000000000000504                MCG_IRQHandler
                0x0000000000000504                Reserved108_IRQHandler
                0x0000000000000504                Reserved117_IRQHandler
                0x0000000000000504                UART2_ERR_IRQHandler
                0x0000000000000504                DMA11_IRQHandler
                0x0000000000000504                UART5_ERR_IRQHandler
                0x0000000000000504                Read_Collision_IRQHandler
                0x0000000000000504                DMA7_IRQHandler
                0x0000000000000504                Reserved102_IRQHandler
                0x0000000000000504                ENET_Transmit_IRQHandler
                0x0000000000000504                USBDCD_IRQHandler
                0x0000000000000504                CAN1_Tx_Warning_IRQHandler
                0x0000000000000504                USB0_IRQHandler
                0x0000000000000504                SPI2_IRQHandler
                0x0000000000000504                WDOG_EWM_IRQHandler
                0x0000000000000504                MemManage_Handler
                0x0000000000000504                CAN1_Rx_Warning_IRQHandler
                0x0000000000000504                Reserved115_IRQHandler
                0x0000000000000504                SVC_Handler
                0x0000000000000504                CAN1_Wake_Up_IRQHandler
                0x0000000000000504                Reserved109_IRQHandler
                0x0000000000000504                DMA13_IRQHandler
                0x0000000000000504                DMA3_IRQHandler
                0x0000000000000504                UART0_LON_IRQHandler
                0x0000000000000504                RNG_IRQHandler
                0x0000000000000504                DMA0_IRQHandler
                0x0000000000000504                DMA15_IRQHandler
                0x0000000000000504                DAC0_IRQHandler
                0x0000000000000504                Reserved118_IRQHandler
                0x0000000000000504                CAN0_Error_IRQHandler
                0x0000000000000504                Reserved112_IRQHandler
                0x0000000000000504                DMA4_IRQHandler
                0x0000000000000504                PIT1_IRQHandler
                0x0000000000000504                UART0_ERR_IRQHandler
                0x0000000000000504                DMA_Error_IRQHandler
                0x0000000000000504                LVD_LVW_IRQHandler
                0x0000000000000504                SPI0_IRQHandler
                0x0000000000000504                FTM0_IRQHandler
                0x0000000000000504                PORTA_IRQHandler
                0x0000000000000504                DAC1_IRQHandler
                0x0000000000000504                MCM_IRQHandler
                0x0000000000000504                DMA12_IRQHandler
                0x0000000000000504                FTFL_IRQHandler
                0x0000000000000504                CAN0_Bus_Off_IRQHandler
                0x0000000000000504                PORTE_IRQHandler
                0x0000000000000504                FTM2_IRQHandler
                0x0000000000000504                BusFault_Handler
                0x0000000000000504                DMA8_IRQHandler
                0x0000000000000504                DMA10_IRQHandler
                0x0000000000000504                CAN0_Wake_Up_IRQHandler
                0x0000000000000504                UART1_ERR_IRQHandler
                0x0000000000000504                UART1_RX_TX_IRQHandler
                0x0000000000000504                CMP0_IRQHandler
                0x0000000000000504                PORTC_IRQHandler
                0x0000000000000504                DMA6_IRQHandler
                0x0000000000000504                DMA1_IRQHandler
                0x0000000000000504                CAN0_Rx_Warning_IRQHandler
                0x0000000000000504                Reserved113_IRQHandler
 *(.text*)
 .text.NVIC_EnableIRQ
                0x0000000000000508       0x30 ./Sources/main.o
 .text.delay    0x0000000000000538       0x40 ./Sources/main.o
                0x0000000000000538                delay
 .text.beep     0x0000000000000578       0x48 ./Sources/main.o
                0x0000000000000578                beep
 .text.getResetSRC
                0x00000000000005c0       0x28 ./Sources/main.o
                0x00000000000005c0                getResetSRC
 .text.printResetStats
                0x00000000000005e8      0x16c ./Sources/main.o
                0x00000000000005e8                printResetStats
 .text.MCUInit  0x0000000000000754       0x4c ./Sources/main.o
                0x0000000000000754                MCUInit
 .text.PortsInit
                0x00000000000007a0       0x90 ./Sources/main.o
                0x00000000000007a0                PortsInit
 .text.LPTMR0_IRQHandler
                0x0000000000000830       0x50 ./Sources/main.o
                0x0000000000000830                LPTMR0_IRQHandler
 .text.LPTMR0Init
                0x0000000000000880       0x60 ./Sources/main.o
                0x0000000000000880                LPTMR0Init
 .text.main     0x00000000000008e0      0x29c ./Sources/main.o
                0x00000000000008e0                main
 .text.SystemInit
                0x0000000000000b7c       0x28 ./Project_Settings/Startup_Code/system_MK60D10.o
                0x0000000000000b7c                SystemInit
 .text.exit     0x0000000000000ba4       0x28 /Applications/KDS_v3.app/Contents/toolchain/bin/../lib/gcc/arm-none-eabi/4.8.4/../../../../arm-none-eabi/lib/armv7e-m/libg_s.a(lib_a-exit.o)
                0x0000000000000ba4                exit
 .text.__libc_init_array
                0x0000000000000bcc       0x4c /Applications/KDS_v3.app/Contents/toolchain/bin/../lib/gcc/arm-none-eabi/4.8.4/../../../../arm-none-eabi/lib/armv7e-m/libg_s.a(lib_a-init.o)
                0x0000000000000bcc                __libc_init_array
 .text.memset   0x0000000000000c18       0x10 /Applications/KDS_v3.app/Contents/toolchain/bin/../lib/gcc/arm-none-eabi/4.8.4/../../../../arm-none-eabi/lib/armv7e-m/libg_s.a(lib_a-memset.o)
                0x0000000000000c18                memset
 .text.printf   0x0000000000000c28       0x30 /Applications/KDS_v3.app/Contents/toolchain/bin/../lib/gcc/arm-none-eabi/4.8.4/../../../../arm-none-eabi/lib/armv7e-m/libg_s.a(lib_a-printf.o)
                0x0000000000000c28                printf
                0x0000000000000c28                iprintf
 .text._puts_r  0x0000000000000c58       0xc0 /Applications/KDS_v3.app/Contents/toolchain/bin/../lib/gcc/arm-none-eabi/4.8.4/../../../../arm-none-eabi/lib/armv7e-m/libg_s.a(lib_a-puts.o)
                0x0000000000000c58                _puts_r
 .text.puts     0x0000000000000d18       0x10 /Applications/KDS_v3.app/Contents/toolchain/bin/../lib/gcc/arm-none-eabi/4.8.4/../../../../arm-none-eabi/lib/armv7e-m/libg_s.a(lib_a-puts.o)
                0x0000000000000d18                puts
 .text.__sfputc_r
                0x0000000000000d28       0x2c /Applications/KDS_v3.app/Contents/toolchain/bin/../lib/gcc/arm-none-eabi/4.8.4/../../../../arm-none-eabi/lib/armv7e-m/libg_s.a(lib_a-vfprintf.o)
 .text.__sfputs_r
                0x0000000000000d54       0x24 /Applications/KDS_v3.app/Contents/toolchain/bin/../lib/gcc/arm-none-eabi/4.8.4/../../../../arm-none-eabi/lib/armv7e-m/libg_s.a(lib_a-vfprintf.o)
                0x0000000000000d54                __sfputs_r
 .text._vfprintf_r
                0x0000000000000d78      0x208 /Applications/KDS_v3.app/Contents/toolchain/bin/../lib/gcc/arm-none-eabi/4.8.4/../../../../arm-none-eabi/lib/armv7e-m/libg_s.a(lib_a-vfprintf.o)
                0x0000000000000d78                _vfiprintf_r
                0x0000000000000d78                _vfprintf_r
 .text._printf_common
                0x0000000000000f80       0xe4 /Applications/KDS_v3.app/Contents/toolchain/bin/../lib/gcc/arm-none-eabi/4.8.4/../../../../arm-none-eabi/lib/armv7e-m/libg_s.a(lib_a-vfprintf_i.o)
                0x0000000000000f80                _printf_common
 .text._printf_i
                0x0000000000001064      0x228 /Applications/KDS_v3.app/Contents/toolchain/bin/../lib/gcc/arm-none-eabi/4.8.4/../../../../arm-none-eabi/lib/armv7e-m/libg_s.a(lib_a-vfprintf_i.o)
                0x0000000000001064                _printf_i
 .text.__swbuf_r
                0x000000000000128c       0xa8 /Applications/KDS_v3.app/Contents/toolchain/bin/../lib/gcc/arm-none-eabi/4.8.4/../../../../arm-none-eabi/lib/armv7e-m/libg_s.a(lib_a-wbuf.o)
                0x000000000000128c                __swbuf_r
 .text.__swsetup_r
                0x0000000000001334       0xdc /Applications/KDS_v3.app/Contents/toolchain/bin/../lib/gcc/arm-none-eabi/4.8.4/../../../../arm-none-eabi/lib/armv7e-m/libg_s.a(lib_a-wsetup.o)
                0x0000000000001334                __swsetup_r
 .text.__sflush_r
                0x0000000000001410      0x106 /Applications/KDS_v3.app/Contents/toolchain/bin/../lib/gcc/arm-none-eabi/4.8.4/../../../../arm-none-eabi/lib/armv7e-m/libg_s.a(lib_a-fflush.o)
                0x0000000000001410                __sflush_r
 *fill*         0x0000000000001516        0x2 
 .text._fflush_r
                0x0000000000001518       0x54 /Applications/KDS_v3.app/Contents/toolchain/bin/../lib/gcc/arm-none-eabi/4.8.4/../../../../arm-none-eabi/lib/armv7e-m/libg_s.a(lib_a-fflush.o)
                0x0000000000001518                _fflush_r
 .text._cleanup_r
                0x000000000000156c       0x32 /Applications/KDS_v3.app/Contents/toolchain/bin/../lib/gcc/arm-none-eabi/4.8.4/../../../../arm-none-eabi/lib/armv7e-m/libg_s.a(lib_a-findfp.o)
                0x000000000000156c                _cleanup_r
 *fill*         0x000000000000159e        0x2 
 .text.std.isra.0
                0x00000000000015a0       0x48 /Applications/KDS_v3.app/Contents/toolchain/bin/../lib/gcc/arm-none-eabi/4.8.4/../../../../arm-none-eabi/lib/armv7e-m/libg_s.a(lib_a-findfp.o)
 .text.__sfmoreglue
                0x00000000000015e8       0x2c /Applications/KDS_v3.app/Contents/toolchain/bin/../lib/gcc/arm-none-eabi/4.8.4/../../../../arm-none-eabi/lib/armv7e-m/libg_s.a(lib_a-findfp.o)
                0x00000000000015e8                __sfmoreglue
 .text.__sinit  0x0000000000001614       0x60 /Applications/KDS_v3.app/Contents/toolchain/bin/../lib/gcc/arm-none-eabi/4.8.4/../../../../arm-none-eabi/lib/armv7e-m/libg_s.a(lib_a-findfp.o)
                0x0000000000001614                __sinit
 .text.__sfp    0x0000000000001674       0x74 /Applications/KDS_v3.app/Contents/toolchain/bin/../lib/gcc/arm-none-eabi/4.8.4/../../../../arm-none-eabi/lib/armv7e-m/libg_s.a(lib_a-findfp.o)
                0x0000000000001674                __sfp
 .text.__smakebuf_r
                0x00000000000016e8       0x9c /Applications/KDS_v3.app/Contents/toolchain/bin/../lib/gcc/arm-none-eabi/4.8.4/../../../../arm-none-eabi/lib/armv7e-m/libg_s.a(lib_a-makebuf.o)
                0x00000000000016e8                __smakebuf_r
 .text.memchr   0x0000000000001784       0x1e /Applications/KDS_v3.app/Contents/toolchain/bin/../lib/gcc/arm-none-eabi/4.8.4/../../../../arm-none-eabi/lib/armv7e-m/libg_s.a(lib_a-memchr-stub.o)
                0x0000000000001784                memchr
 *fill*         0x00000000000017a2        0x2 
 .text._free_r  0x00000000000017a4       0x88 /Applications/KDS_v3.app/Contents/toolchain/bin/../lib/gcc/arm-none-eabi/4.8.4/../../../../arm-none-eabi/lib/armv7e-m/libg_s.a(lib_a-nano-freer.o)
                0x00000000000017a4                _free_r
 .text._malloc_r
                0x000000000000182c       0xa8 /Applications/KDS_v3.app/Contents/toolchain/bin/../lib/gcc/arm-none-eabi/4.8.4/../../../../arm-none-eabi/lib/armv7e-m/libg_s.a(lib_a-nano-mallocr.o)
                0x000000000000182c                _malloc_r
 .text._sbrk_r  0x00000000000018d4       0x20 /Applications/KDS_v3.app/Contents/toolchain/bin/../lib/gcc/arm-none-eabi/4.8.4/../../../../arm-none-eabi/lib/armv7e-m/libg_s.a(lib_a-sbrkr.o)
                0x00000000000018d4                _sbrk_r
 .text.__sread  0x00000000000018f4       0x22 /Applications/KDS_v3.app/Contents/toolchain/bin/../lib/gcc/arm-none-eabi/4.8.4/../../../../arm-none-eabi/lib/armv7e-m/libg_s.a(lib_a-stdio.o)
                0x00000000000018f4                __sread
 .text.__swrite
                0x0000000000001916       0x38 /Applications/KDS_v3.app/Contents/toolchain/bin/../lib/gcc/arm-none-eabi/4.8.4/../../../../arm-none-eabi/lib/armv7e-m/libg_s.a(lib_a-stdio.o)
                0x0000000000001916                __swrite
 .text.__sseek  0x000000000000194e       0x24 /Applications/KDS_v3.app/Contents/toolchain/bin/../lib/gcc/arm-none-eabi/4.8.4/../../../../arm-none-eabi/lib/armv7e-m/libg_s.a(lib_a-stdio.o)
                0x000000000000194e                __sseek
 .text.__sclose
                0x0000000000001972        0x8 /Applications/KDS_v3.app/Contents/toolchain/bin/../lib/gcc/arm-none-eabi/4.8.4/../../../../arm-none-eabi/lib/armv7e-m/libg_s.a(lib_a-stdio.o)
                0x0000000000001972                __sclose
 .text.strlen   0x000000000000197a       0x10 /Applications/KDS_v3.app/Contents/toolchain/bin/../lib/gcc/arm-none-eabi/4.8.4/../../../../arm-none-eabi/lib/armv7e-m/libg_s.a(lib_a-strlen.o)
                0x000000000000197a                strlen
 *fill*         0x000000000000198a        0x2 
 .text._write_r
                0x000000000000198c       0x24 /Applications/KDS_v3.app/Contents/toolchain/bin/../lib/gcc/arm-none-eabi/4.8.4/../../../../arm-none-eabi/lib/armv7e-m/libg_s.a(lib_a-writer.o)
                0x000000000000198c                _write_r
 .text._close_r
                0x00000000000019b0       0x20 /Applications/KDS_v3.app/Contents/toolchain/bin/../lib/gcc/arm-none-eabi/4.8.4/../../../../arm-none-eabi/lib/armv7e-m/libg_s.a(lib_a-closer.o)
                0x00000000000019b0                _close_r
 .text._fstat_r
                0x00000000000019d0       0x24 /Applications/KDS_v3.app/Contents/toolchain/bin/../lib/gcc/arm-none-eabi/4.8.4/../../../../arm-none-eabi/lib/armv7e-m/libg_s.a(lib_a-fstatr.o)
                0x00000000000019d0                _fstat_r
 .text._isatty_r
                0x00000000000019f4       0x20 /Applications/KDS_v3.app/Contents/toolchain/bin/../lib/gcc/arm-none-eabi/4.8.4/../../../../arm-none-eabi/lib/armv7e-m/libg_s.a(lib_a-isattyr.o)
                0x00000000000019f4                _isatty_r
 .text._lseek_r
                0x0000000000001a14       0x24 /Applications/KDS_v3.app/Contents/toolchain/bin/../lib/gcc/arm-none-eabi/4.8.4/../../../../arm-none-eabi/lib/armv7e-m/libg_s.a(lib_a-lseekr.o)
                0x0000000000001a14                _lseek_r
 .text._read_r  0x0000000000001a38       0x24 /Applications/KDS_v3.app/Contents/toolchain/bin/../lib/gcc/arm-none-eabi/4.8.4/../../../../arm-none-eabi/lib/armv7e-m/libg_s.a(lib_a-readr.o)
                0x0000000000001a38                _read_r
 .text._close   0x0000000000001a5c       0x10 /Applications/KDS_v3.app/Contents/toolchain/bin/../lib/gcc/arm-none-eabi/4.8.4/../../../../arm-none-eabi/lib/armv7e-m/libnosys.a(close.o)
                0x0000000000001a5c                _close
 .text._fstat   0x0000000000001a6c       0x10 /Applications/KDS_v3.app/Contents/toolchain/bin/../lib/gcc/arm-none-eabi/4.8.4/../../../../arm-none-eabi/lib/armv7e-m/libnosys.a(fstat.o)
                0x0000000000001a6c                _fstat
 .text._isatty  0x0000000000001a7c       0x10 /Applications/KDS_v3.app/Contents/toolchain/bin/../lib/gcc/arm-none-eabi/4.8.4/../../../../arm-none-eabi/lib/armv7e-m/libnosys.a(isatty.o)
                0x0000000000001a7c                _isatty
 .text._lseek   0x0000000000001a8c       0x10 /Applications/KDS_v3.app/Contents/toolchain/bin/../lib/gcc/arm-none-eabi/4.8.4/../../../../arm-none-eabi/lib/armv7e-m/libnosys.a(lseek.o)
                0x0000000000001a8c                _lseek
 .text._read    0x0000000000001a9c       0x10 /Applications/KDS_v3.app/Contents/toolchain/bin/../lib/gcc/arm-none-eabi/4.8.4/../../../../arm-none-eabi/lib/armv7e-m/libnosys.a(read.o)
                0x0000000000001a9c                _read
 .text._sbrk    0x0000000000001aac       0x34 /Applications/KDS_v3.app/Contents/toolchain/bin/../lib/gcc/arm-none-eabi/4.8.4/../../../../arm-none-eabi/lib/armv7e-m/libnosys.a(sbrk.o)
                0x0000000000001aac                _sbrk
 .text._write   0x0000000000001ae0       0x10 /Applications/KDS_v3.app/Contents/toolchain/bin/../lib/gcc/arm-none-eabi/4.8.4/../../../../arm-none-eabi/lib/armv7e-m/libnosys.a(write.o)
                0x0000000000001ae0                _write
 .text._exit    0x0000000000001af0        0x4 /Applications/KDS_v3.app/Contents/toolchain/bin/../lib/gcc/arm-none-eabi/4.8.4/../../../../arm-none-eabi/lib/armv7e-m/libnosys.a(_exit.o)
                0x0000000000001af0                _exit
 *(.rodata)
 .rodata        0x0000000000001af4      0x324 ./Sources/main.o
 *(.rodata*)
 .rodata.str1.1
                0x0000000000001e18        0x2 /Applications/KDS_v3.app/Contents/toolchain/bin/../lib/gcc/arm-none-eabi/4.8.4/../../../../arm-none-eabi/lib/armv7e-m/libg_s.a(lib_a-impure.o)
 *fill*         0x0000000000001e1a        0x2 
 .rodata._global_impure_ptr
                0x0000000000001e1c        0x4 /Applications/KDS_v3.app/Contents/toolchain/bin/../lib/gcc/arm-none-eabi/4.8.4/../../../../arm-none-eabi/lib/armv7e-m/libg_s.a(lib_a-impure.o)
                0x0000000000001e1c                _global_impure_ptr
 .rodata.str1.1
                0x0000000000001e20       0x11 /Applications/KDS_v3.app/Contents/toolchain/bin/../lib/gcc/arm-none-eabi/4.8.4/../../../../arm-none-eabi/lib/armv7e-m/libg_s.a(lib_a-vfprintf.o)
 .rodata.str1.1
                0x0000000000001e31       0x22 /Applications/KDS_v3.app/Contents/toolchain/bin/../lib/gcc/arm-none-eabi/4.8.4/../../../../arm-none-eabi/lib/armv7e-m/libg_s.a(lib_a-vfprintf_i.o)
 *fill*         0x0000000000001e53        0x1 
 .rodata.__sf_fake_stdin
                0x0000000000001e54       0x20 /Applications/KDS_v3.app/Contents/toolchain/bin/../lib/gcc/arm-none-eabi/4.8.4/../../../../arm-none-eabi/lib/armv7e-m/libg_s.a(lib_a-findfp.o)
                0x0000000000001e54                __sf_fake_stdin
 .rodata.__sf_fake_stdout
                0x0000000000001e74       0x20 /Applications/KDS_v3.app/Contents/toolchain/bin/../lib/gcc/arm-none-eabi/4.8.4/../../../../arm-none-eabi/lib/armv7e-m/libg_s.a(lib_a-findfp.o)
                0x0000000000001e74                __sf_fake_stdout
 .rodata.__sf_fake_stderr
                0x0000000000001e94       0x20 /Applications/KDS_v3.app/Contents/toolchain/bin/../lib/gcc/arm-none-eabi/4.8.4/../../../../arm-none-eabi/lib/armv7e-m/libg_s.a(lib_a-findfp.o)
                0x0000000000001e94                __sf_fake_stderr
 *(.glue_7)
 .glue_7        0x0000000000000000        0x0 linker stubs
 *(.glue_7t)
 .glue_7t       0x0000000000000000        0x0 linker stubs
 *(.eh_frame)
 .eh_frame      0x0000000000001eb4        0x0 /Applications/KDS_v3.app/Contents/toolchain/bin/../lib/gcc/arm-none-eabi/4.8.4/armv7e-m/crtbegin.o
 *(.init)
 .init          0x0000000000001eb4        0x4 /Applications/KDS_v3.app/Contents/toolchain/bin/../lib/gcc/arm-none-eabi/4.8.4/armv7e-m/crti.o
                0x0000000000001eb4                _init
 .init          0x0000000000001eb8        0x8 /Applications/KDS_v3.app/Contents/toolchain/bin/../lib/gcc/arm-none-eabi/4.8.4/armv7e-m/crtn.o
 *(.fini)
 .fini          0x0000000000001ec0        0x4 /Applications/KDS_v3.app/Contents/toolchain/bin/../lib/gcc/arm-none-eabi/4.8.4/armv7e-m/crti.o
                0x0000000000001ec0                _fini
 .fini          0x0000000000001ec4        0x8 /Applications/KDS_v3.app/Contents/toolchain/bin/../lib/gcc/arm-none-eabi/4.8.4/armv7e-m/crtn.o
                0x0000000000001ecc                . = ALIGN (0x4)

.vfp11_veneer   0x0000000000001ecc        0x0
 .vfp11_veneer  0x0000000000000000        0x0 linker stubs

.v4_bx          0x0000000000001ecc        0x0
 .v4_bx         0x0000000000000000        0x0 linker stubs

.iplt           0x0000000000001ecc        0x0
 .iplt          0x0000000000000000        0x0 /Applications/KDS_v3.app/Contents/toolchain/bin/../lib/gcc/arm-none-eabi/4.8.4/armv7e-m/crtbegin.o

.ARM.extab
 *(.ARM.extab* .gnu.linkonce.armextab.*)

.ARM            0x0000000000001ecc        0x8
                0x0000000000001ecc                __exidx_start = .
 *(.ARM.exidx*)
 .ARM.exidx     0x0000000000001ecc        0x8 /Applications/KDS_v3.app/Contents/toolchain/bin/../lib/gcc/arm-none-eabi/4.8.4/../../../../arm-none-eabi/lib/armv7e-m/crt0.o
                0x0000000000001ed4                __exidx_end = .

.rel.dyn        0x0000000000001ed4        0x0
 .rel.iplt      0x0000000000000000        0x0 /Applications/KDS_v3.app/Contents/toolchain/bin/../lib/gcc/arm-none-eabi/4.8.4/armv7e-m/crtbegin.o

.ctors          0x0000000000001ed4        0x0
                0x0000000000001ed4                __CTOR_LIST__ = .
 *crtbegin.o(.ctors)
 *crtbegin?.o(.ctors)
 *(EXCLUDE_FILE(*crtend.o *crtend?.o) .ctors)
 *(SORT(.ctors.*))
 *(.ctors)
                0x0000000000001ed4                __CTOR_END__ = .

.dtors          0x0000000000001ed4        0x0
                0x0000000000001ed4                __DTOR_LIST__ = .
 *crtbegin.o(.dtors)
 *crtbegin?.o(.dtors)
 *(EXCLUDE_FILE(*crtend.o *crtend?.o) .dtors)
 *(SORT(.dtors.*))
 *(.dtors)
                0x0000000000001ed4                __DTOR_END__ = .

.preinit_array  0x0000000000001ed4        0x0
                0x0000000000001ed4                PROVIDE (__preinit_array_start, .)
 *(.preinit_array*)
                0x0000000000001ed4                PROVIDE (__preinit_array_end, .)

.init_array     0x0000000000001ed4        0x4
                0x0000000000001ed4                PROVIDE (__init_array_start, .)
 *(SORT(.init_array.*))
 *(.init_array*)
 .init_array    0x0000000000001ed4        0x4 /Applications/KDS_v3.app/Contents/toolchain/bin/../lib/gcc/arm-none-eabi/4.8.4/armv7e-m/crtbegin.o
                0x0000000000001ed8                PROVIDE (__init_array_end, .)

.fini_array     0x0000000000001ed8        0x4
                0x0000000000001ed8                PROVIDE (__fini_array_start, .)
 *(SORT(.fini_array.*))
 *(.fini_array*)
 .fini_array    0x0000000000001ed8        0x4 /Applications/KDS_v3.app/Contents/toolchain/bin/../lib/gcc/arm-none-eabi/4.8.4/armv7e-m/crtbegin.o
                0x0000000000001edc                PROVIDE (__fini_array_end, .)
                0x0000000000001edc                __etext = .
                0x0000000000001edc                __DATA_ROM = .

.data           0x000000001fff8000       0x8c load address 0x0000000000001edc
                0x000000001fff8000                . = ALIGN (0x4)
                0x000000001fff8000                __DATA_RAM = .
                0x000000001fff8000                __data_start__ = .
 *(.data)
 *(.data*)
 .data.rcm      0x000000001fff8000        0x4 ./Sources/main.o
 .data.mode     0x000000001fff8004        0x8 ./Sources/main.o
                0x000000001fff8004                mode
 .data.tovall   0x000000001fff800c        0xc ./Sources/main.o
                0x000000001fff800c                tovall
 .data.winl     0x000000001fff8018        0xc ./Sources/main.o
                0x000000001fff8018                winl
 .data.impure_data
                0x000000001fff8024       0x60 /Applications/KDS_v3.app/Contents/toolchain/bin/../lib/gcc/arm-none-eabi/4.8.4/../../../../arm-none-eabi/lib/armv7e-m/libg_s.a(lib_a-impure.o)
 .data._impure_ptr
                0x000000001fff8084        0x4 /Applications/KDS_v3.app/Contents/toolchain/bin/../lib/gcc/arm-none-eabi/4.8.4/../../../../arm-none-eabi/lib/armv7e-m/libg_s.a(lib_a-impure.o)
                0x000000001fff8084                _impure_ptr
 *(.jcr*)
 .jcr           0x000000001fff8088        0x0 /Applications/KDS_v3.app/Contents/toolchain/bin/../lib/gcc/arm-none-eabi/4.8.4/armv7e-m/crtbegin.o
 .jcr           0x000000001fff8088        0x4 /Applications/KDS_v3.app/Contents/toolchain/bin/../lib/gcc/arm-none-eabi/4.8.4/armv7e-m/crtend.o
                0x000000001fff808c                . = ALIGN (0x4)
                0x000000001fff808c                __data_end__ = .
                0x0000000000001f68                __DATA_END = (__DATA_ROM + (__data_end__ - __data_start__))

.igot.plt       0x000000001fff808c        0x0 load address 0x0000000000001f68
 .igot.plt      0x0000000000000000        0x0 /Applications/KDS_v3.app/Contents/toolchain/bin/../lib/gcc/arm-none-eabi/4.8.4/armv7e-m/crtbegin.o

.bss            0x000000001fff808c       0x50 load address 0x0000000000001f68
                0x000000001fff808c                . = ALIGN (0x4)
                0x000000001fff808c                __START_BSS = .
                0x000000001fff808c                __bss_start__ = .
 *(.bss)
 .bss           0x000000001fff808c       0x1c /Applications/KDS_v3.app/Contents/toolchain/bin/../lib/gcc/arm-none-eabi/4.8.4/armv7e-m/crtbegin.o
 *(.bss*)
 .bss.pressed_sw4
                0x000000001fff80a8        0x4 ./Sources/main.o
                0x000000001fff80a8                pressed_sw4
 .bss.pressed_sw6
                0x000000001fff80ac        0x4 ./Sources/main.o
                0x000000001fff80ac                pressed_sw6
 .bss.beep_flag
                0x000000001fff80b0        0x4 ./Sources/main.o
                0x000000001fff80b0                beep_flag
 .bss.tovalh    0x000000001fff80b4        0xc ./Sources/main.o
                0x000000001fff80b4                tovalh
 .bss.winh      0x000000001fff80c0        0xc ./Sources/main.o
                0x000000001fff80c0                winh
 .bss.__malloc_sbrk_start
                0x000000001fff80cc        0x4 /Applications/KDS_v3.app/Contents/toolchain/bin/../lib/gcc/arm-none-eabi/4.8.4/../../../../arm-none-eabi/lib/armv7e-m/libg_s.a(lib_a-nano-mallocr.o)
                0x000000001fff80cc                __malloc_sbrk_start
 .bss.__malloc_free_list
                0x000000001fff80d0        0x4 /Applications/KDS_v3.app/Contents/toolchain/bin/../lib/gcc/arm-none-eabi/4.8.4/../../../../arm-none-eabi/lib/armv7e-m/libg_s.a(lib_a-nano-mallocr.o)
                0x000000001fff80d0                __malloc_free_list
 .bss.heap_end.4246
                0x000000001fff80d4        0x4 /Applications/KDS_v3.app/Contents/toolchain/bin/../lib/gcc/arm-none-eabi/4.8.4/../../../../arm-none-eabi/lib/armv7e-m/libnosys.a(sbrk.o)
 *(COMMON)
 COMMON         0x000000001fff80d8        0x4 /Applications/KDS_v3.app/Contents/toolchain/bin/../lib/gcc/arm-none-eabi/4.8.4/../../../../arm-none-eabi/lib/armv7e-m/libg_s.a(lib_a-reent.o)
                0x000000001fff80d8                errno
                0x000000001fff80dc                . = ALIGN (0x4)
                0x000000001fff80dc                __bss_end__ = .
                0x000000001fff80dc                __END_BSS = .

.heap           0x0000000020000000      0x400
                0x0000000020000000                . = ALIGN (0x8)
                0x0000000020000000                __end__ = .
                0x0000000020000000                PROVIDE (end, .)
                0x0000000020000000                __HeapBase = .
                0x0000000020000400                . = (. + HEAP_SIZE)
 *fill*         0x0000000020000000      0x400 
                0x0000000020000400                __HeapLimit = .

.stack          0x0000000020000400      0x400
                0x0000000020000400                . = ALIGN (0x8)
                0x0000000020000800                . = (. + STACK_SIZE)
 *fill*         0x0000000020000400      0x400 
                0x0000000020008000                __StackTop = (ORIGIN (m_data_2) + 0x8000)
                0x0000000020007c00                __StackLimit = (__StackTop - STACK_SIZE)
                0x0000000020008000                PROVIDE (__stack, __StackTop)

.ARM.attributes
                0x0000000000000000       0x2a
 *(.ARM.attributes)
 .ARM.attributes
                0x0000000000000000       0x1e /Applications/KDS_v3.app/Contents/toolchain/bin/../lib/gcc/arm-none-eabi/4.8.4/armv7e-m/crti.o
 .ARM.attributes
                0x000000000000001e       0x2e /Applications/KDS_v3.app/Contents/toolchain/bin/../lib/gcc/arm-none-eabi/4.8.4/armv7e-m/crtbegin.o
 .ARM.attributes
                0x000000000000004c       0x1c /Applications/KDS_v3.app/Contents/toolchain/bin/../lib/gcc/arm-none-eabi/4.8.4/../../../../arm-none-eabi/lib/armv7e-m/crt0.o
 .ARM.attributes
                0x0000000000000068       0x33 ./Sources/main.o
 .ARM.attributes
                0x000000000000009b       0x1b ./Project_Settings/Startup_Code/startup_MK60D10.o
 .ARM.attributes
                0x00000000000000b6       0x33 ./Project_Settings/Startup_Code/system_MK60D10.o
 .ARM.attributes
                0x00000000000000e9       0x2e /Applications/KDS_v3.app/Contents/toolchain/bin/../lib/gcc/arm-none-eabi/4.8.4/../../../../arm-none-eabi/lib/armv7e-m/libg_s.a(lib_a-exit.o)
 .ARM.attributes
                0x0000000000000117       0x2e /Applications/KDS_v3.app/Contents/toolchain/bin/../lib/gcc/arm-none-eabi/4.8.4/../../../../arm-none-eabi/lib/armv7e-m/libg_s.a(lib_a-impure.o)
 .ARM.attributes
                0x0000000000000145       0x2e /Applications/KDS_v3.app/Contents/toolchain/bin/../lib/gcc/arm-none-eabi/4.8.4/../../../../arm-none-eabi/lib/armv7e-m/libg_s.a(lib_a-init.o)
 .ARM.attributes
                0x0000000000000173       0x2e /Applications/KDS_v3.app/Contents/toolchain/bin/../lib/gcc/arm-none-eabi/4.8.4/../../../../arm-none-eabi/lib/armv7e-m/libg_s.a(lib_a-memset.o)
 .ARM.attributes
                0x00000000000001a1       0x2e /Applications/KDS_v3.app/Contents/toolchain/bin/../lib/gcc/arm-none-eabi/4.8.4/../../../../arm-none-eabi/lib/armv7e-m/libg_s.a(lib_a-printf.o)
 .ARM.attributes
                0x00000000000001cf       0x2e /Applications/KDS_v3.app/Contents/toolchain/bin/../lib/gcc/arm-none-eabi/4.8.4/../../../../arm-none-eabi/lib/armv7e-m/libg_s.a(lib_a-puts.o)
 .ARM.attributes
                0x00000000000001fd       0x2e /Applications/KDS_v3.app/Contents/toolchain/bin/../lib/gcc/arm-none-eabi/4.8.4/../../../../arm-none-eabi/lib/armv7e-m/libg_s.a(lib_a-vfprintf.o)
 .ARM.attributes
                0x000000000000022b       0x2e /Applications/KDS_v3.app/Contents/toolchain/bin/../lib/gcc/arm-none-eabi/4.8.4/../../../../arm-none-eabi/lib/armv7e-m/libg_s.a(lib_a-vfprintf_i.o)
 .ARM.attributes
                0x0000000000000259       0x2e /Applications/KDS_v3.app/Contents/toolchain/bin/../lib/gcc/arm-none-eabi/4.8.4/../../../../arm-none-eabi/lib/armv7e-m/libg_s.a(lib_a-wbuf.o)
 .ARM.attributes
                0x0000000000000287       0x2e /Applications/KDS_v3.app/Contents/toolchain/bin/../lib/gcc/arm-none-eabi/4.8.4/../../../../arm-none-eabi/lib/armv7e-m/libg_s.a(lib_a-wsetup.o)
 .ARM.attributes
                0x00000000000002b5       0x2e /Applications/KDS_v3.app/Contents/toolchain/bin/../lib/gcc/arm-none-eabi/4.8.4/../../../../arm-none-eabi/lib/armv7e-m/libg_s.a(lib_a-fflush.o)
 .ARM.attributes
                0x00000000000002e3       0x2e /Applications/KDS_v3.app/Contents/toolchain/bin/../lib/gcc/arm-none-eabi/4.8.4/../../../../arm-none-eabi/lib/armv7e-m/libg_s.a(lib_a-findfp.o)
 .ARM.attributes
                0x0000000000000311       0x2e /Applications/KDS_v3.app/Contents/toolchain/bin/../lib/gcc/arm-none-eabi/4.8.4/../../../../arm-none-eabi/lib/armv7e-m/libg_s.a(lib_a-makebuf.o)
 .ARM.attributes
                0x000000000000033f       0x2e /Applications/KDS_v3.app/Contents/toolchain/bin/../lib/gcc/arm-none-eabi/4.8.4/../../../../arm-none-eabi/lib/armv7e-m/libg_s.a(lib_a-memchr-stub.o)
 .ARM.attributes
                0x000000000000036d       0x2e /Applications/KDS_v3.app/Contents/toolchain/bin/../lib/gcc/arm-none-eabi/4.8.4/../../../../arm-none-eabi/lib/armv7e-m/libg_s.a(lib_a-nano-freer.o)
 .ARM.attributes
                0x000000000000039b       0x2e /Applications/KDS_v3.app/Contents/toolchain/bin/../lib/gcc/arm-none-eabi/4.8.4/../../../../arm-none-eabi/lib/armv7e-m/libg_s.a(lib_a-nano-mallocr.o)
 .ARM.attributes
                0x00000000000003c9       0x2e /Applications/KDS_v3.app/Contents/toolchain/bin/../lib/gcc/arm-none-eabi/4.8.4/../../../../arm-none-eabi/lib/armv7e-m/libg_s.a(lib_a-sbrkr.o)
 .ARM.attributes
                0x00000000000003f7       0x2e /Applications/KDS_v3.app/Contents/toolchain/bin/../lib/gcc/arm-none-eabi/4.8.4/../../../../arm-none-eabi/lib/armv7e-m/libg_s.a(lib_a-stdio.o)
 .ARM.attributes
                0x0000000000000425       0x2e /Applications/KDS_v3.app/Contents/toolchain/bin/../lib/gcc/arm-none-eabi/4.8.4/../../../../arm-none-eabi/lib/armv7e-m/libg_s.a(lib_a-strlen.o)
 .ARM.attributes
                0x0000000000000453       0x2e /Applications/KDS_v3.app/Contents/toolchain/bin/../lib/gcc/arm-none-eabi/4.8.4/../../../../arm-none-eabi/lib/armv7e-m/libg_s.a(lib_a-writer.o)
 .ARM.attributes
                0x0000000000000481       0x2e /Applications/KDS_v3.app/Contents/toolchain/bin/../lib/gcc/arm-none-eabi/4.8.4/../../../../arm-none-eabi/lib/armv7e-m/libg_s.a(lib_a-closer.o)
 .ARM.attributes
                0x00000000000004af       0x2e /Applications/KDS_v3.app/Contents/toolchain/bin/../lib/gcc/arm-none-eabi/4.8.4/../../../../arm-none-eabi/lib/armv7e-m/libg_s.a(lib_a-fstatr.o)
 .ARM.attributes
                0x00000000000004dd       0x2e /Applications/KDS_v3.app/Contents/toolchain/bin/../lib/gcc/arm-none-eabi/4.8.4/../../../../arm-none-eabi/lib/armv7e-m/libg_s.a(lib_a-isattyr.o)
 .ARM.attributes
                0x000000000000050b       0x2e /Applications/KDS_v3.app/Contents/toolchain/bin/../lib/gcc/arm-none-eabi/4.8.4/../../../../arm-none-eabi/lib/armv7e-m/libg_s.a(lib_a-lseekr.o)
 .ARM.attributes
                0x0000000000000539       0x2e /Applications/KDS_v3.app/Contents/toolchain/bin/../lib/gcc/arm-none-eabi/4.8.4/../../../../arm-none-eabi/lib/armv7e-m/libg_s.a(lib_a-readr.o)
 .ARM.attributes
                0x0000000000000567       0x2e /Applications/KDS_v3.app/Contents/toolchain/bin/../lib/gcc/arm-none-eabi/4.8.4/../../../../arm-none-eabi/lib/armv7e-m/libg_s.a(lib_a-reent.o)
 .ARM.attributes
                0x0000000000000595       0x2e /Applications/KDS_v3.app/Contents/toolchain/bin/../lib/gcc/arm-none-eabi/4.8.4/../../../../arm-none-eabi/lib/armv7e-m/libnosys.a(close.o)
 .ARM.attributes
                0x00000000000005c3       0x2e /Applications/KDS_v3.app/Contents/toolchain/bin/../lib/gcc/arm-none-eabi/4.8.4/../../../../arm-none-eabi/lib/armv7e-m/libnosys.a(fstat.o)
 .ARM.attributes
                0x00000000000005f1       0x2e /Applications/KDS_v3.app/Contents/toolchain/bin/../lib/gcc/arm-none-eabi/4.8.4/../../../../arm-none-eabi/lib/armv7e-m/libnosys.a(isatty.o)
 .ARM.attributes
                0x000000000000061f       0x2e /Applications/KDS_v3.app/Contents/toolchain/bin/../lib/gcc/arm-none-eabi/4.8.4/../../../../arm-none-eabi/lib/armv7e-m/libnosys.a(lseek.o)
 .ARM.attributes
                0x000000000000064d       0x2e /Applications/KDS_v3.app/Contents/toolchain/bin/../lib/gcc/arm-none-eabi/4.8.4/../../../../arm-none-eabi/lib/armv7e-m/libnosys.a(read.o)
 .ARM.attributes
                0x000000000000067b       0x2e /Applications/KDS_v3.app/Contents/toolchain/bin/../lib/gcc/arm-none-eabi/4.8.4/../../../../arm-none-eabi/lib/armv7e-m/libnosys.a(sbrk.o)
 .ARM.attributes
                0x00000000000006a9       0x2e /Applications/KDS_v3.app/Contents/toolchain/bin/../lib/gcc/arm-none-eabi/4.8.4/../../../../arm-none-eabi/lib/armv7e-m/libnosys.a(write.o)
 .ARM.attributes
                0x00000000000006d7       0x2e /Applications/KDS_v3.app/Contents/toolchain/bin/../lib/gcc/arm-none-eabi/4.8.4/../../../../arm-none-eabi/lib/armv7e-m/libnosys.a(_exit.o)
 .ARM.attributes
                0x0000000000000705       0x2e /Applications/KDS_v3.app/Contents/toolchain/bin/../lib/gcc/arm-none-eabi/4.8.4/armv7e-m/crtend.o
 .ARM.attributes
                0x0000000000000733       0x1e /Applications/KDS_v3.app/Contents/toolchain/bin/../lib/gcc/arm-none-eabi/4.8.4/armv7e-m/crtn.o
                0x0000000000000001                ASSERT ((__StackLimit >= __HeapLimit), region m_data_2 overflowed with stack and heap)
OUTPUT(imp.elf elf32-littlearm)

.debug_info     0x0000000000000000     0x115e
 .debug_info    0x0000000000000000      0xc36 ./Sources/main.o
 .debug_info    0x0000000000000c36       0x8b ./Project_Settings/Startup_Code/startup_MK60D10.o
 .debug_info    0x0000000000000cc1      0x49d ./Project_Settings/Startup_Code/system_MK60D10.o

.debug_abbrev   0x0000000000000000      0x326
 .debug_abbrev  0x0000000000000000      0x1f8 ./Sources/main.o
 .debug_abbrev  0x00000000000001f8       0x14 ./Project_Settings/Startup_Code/startup_MK60D10.o
 .debug_abbrev  0x000000000000020c      0x11a ./Project_Settings/Startup_Code/system_MK60D10.o

.debug_aranges  0x0000000000000000       0xb0
 .debug_aranges
                0x0000000000000000       0x68 ./Sources/main.o
 .debug_aranges
                0x0000000000000068       0x20 ./Project_Settings/Startup_Code/startup_MK60D10.o
 .debug_aranges
                0x0000000000000088       0x28 ./Project_Settings/Startup_Code/system_MK60D10.o

.debug_ranges   0x0000000000000000       0x70
 .debug_ranges  0x0000000000000000       0x58 ./Sources/main.o
 .debug_ranges  0x0000000000000058       0x18 ./Project_Settings/Startup_Code/system_MK60D10.o

.debug_macro    0x0000000000000000    0x1a3db
 .debug_macro   0x0000000000000000      0x19d ./Sources/main.o
 .debug_macro   0x000000000000019d      0x84a ./Sources/main.o
 .debug_macro   0x00000000000009e7       0x58 ./Sources/main.o
 .debug_macro   0x0000000000000a3f       0x16 ./Sources/main.o
 .debug_macro   0x0000000000000a55       0x35 ./Sources/main.o
 .debug_macro   0x0000000000000a8a       0xa3 ./Sources/main.o
 .debug_macro   0x0000000000000b2d       0x16 ./Sources/main.o
 .debug_macro   0x0000000000000b43       0x97 ./Sources/main.o
 .debug_macro   0x0000000000000bda       0x10 ./Sources/main.o
 .debug_macro   0x0000000000000bea       0xef ./Sources/main.o
 .debug_macro   0x0000000000000cd9       0x4a ./Sources/main.o
 .debug_macro   0x0000000000000d23       0x52 ./Sources/main.o
 .debug_macro   0x0000000000000d75       0x16 ./Sources/main.o
 .debug_macro   0x0000000000000d8b       0x43 ./Sources/main.o
 .debug_macro   0x0000000000000dce      0x180 ./Sources/main.o
 .debug_macro   0x0000000000000f4e       0x10 ./Sources/main.o
 .debug_macro   0x0000000000000f5e       0x22 ./Sources/main.o
 .debug_macro   0x0000000000000f80       0xbd ./Sources/main.o
 .debug_macro   0x000000000000103d       0x16 ./Sources/main.o
 .debug_macro   0x0000000000001053      0x14a ./Sources/main.o
 .debug_macro   0x000000000000119d      0x2a6 ./Sources/main.o
 .debug_macro   0x0000000000001443       0x10 ./Sources/main.o
 .debug_macro   0x0000000000001453       0x35 ./Sources/main.o
 .debug_macro   0x0000000000001488       0x16 ./Sources/main.o
 .debug_macro   0x000000000000149e      0x20f ./Sources/main.o
 .debug_macro   0x00000000000016ad       0x53 ./Sources/main.o
 .debug_macro   0x0000000000001700       0x3b ./Sources/main.o
 .debug_macro   0x000000000000173b       0x34 ./Sources/main.o
 .debug_macro   0x000000000000176f       0x26 ./Sources/main.o
 .debug_macro   0x0000000000001795      0xba3 ./Sources/main.o
 .debug_macro   0x0000000000002338       0x71 ./Sources/main.o
 .debug_macro   0x00000000000023a9    0x17cf8 ./Sources/main.o
 .debug_macro   0x000000000001a0a1       0x88 ./Project_Settings/Startup_Code/system_MK60D10.o
 .debug_macro   0x000000000001a129       0x44 ./Project_Settings/Startup_Code/system_MK60D10.o
 .debug_macro   0x000000000001a16d      0x209 ./Project_Settings/Startup_Code/system_MK60D10.o
 .debug_macro   0x000000000001a376       0x65 ./Project_Settings/Startup_Code/system_MK60D10.o

.debug_line     0x0000000000000000      0x7ac
 .debug_line    0x0000000000000000      0x4a5 ./Sources/main.o
 .debug_line    0x00000000000004a5       0x78 ./Project_Settings/Startup_Code/startup_MK60D10.o
 .debug_line    0x000000000000051d      0x28f ./Project_Settings/Startup_Code/system_MK60D10.o

.debug_str      0x0000000000000000    0x93945
 .debug_str     0x0000000000000000    0x938ce ./Sources/main.o
                                      0x93b05 (size before relaxing)
 .debug_str     0x00000000000938ce       0x77 ./Project_Settings/Startup_Code/system_MK60D10.o
                                      0x90478 (size before relaxing)

.comment        0x0000000000000000       0x70
 .comment       0x0000000000000000       0x70 ./Sources/main.o
                                         0x71 (size before relaxing)
 .comment       0x0000000000000000       0x71 ./Project_Settings/Startup_Code/system_MK60D10.o

.debug_frame    0x0000000000000000      0x938
 .debug_frame   0x0000000000000000      0x120 ./Sources/main.o
 .debug_frame   0x0000000000000120       0x44 ./Project_Settings/Startup_Code/system_MK60D10.o
 .debug_frame   0x0000000000000164       0x28 /Applications/KDS_v3.app/Contents/toolchain/bin/../lib/gcc/arm-none-eabi/4.8.4/../../../../arm-none-eabi/lib/armv7e-m/libg_s.a(lib_a-exit.o)
 .debug_frame   0x000000000000018c       0x2c /Applications/KDS_v3.app/Contents/toolchain/bin/../lib/gcc/arm-none-eabi/4.8.4/../../../../arm-none-eabi/lib/armv7e-m/libg_s.a(lib_a-init.o)
 .debug_frame   0x00000000000001b8       0x20 /Applications/KDS_v3.app/Contents/toolchain/bin/../lib/gcc/arm-none-eabi/4.8.4/../../../../arm-none-eabi/lib/armv7e-m/libg_s.a(lib_a-memset.o)
 .debug_frame   0x00000000000001d8       0x60 /Applications/KDS_v3.app/Contents/toolchain/bin/../lib/gcc/arm-none-eabi/4.8.4/../../../../arm-none-eabi/lib/armv7e-m/libg_s.a(lib_a-printf.o)
 .debug_frame   0x0000000000000238       0x3c /Applications/KDS_v3.app/Contents/toolchain/bin/../lib/gcc/arm-none-eabi/4.8.4/../../../../arm-none-eabi/lib/armv7e-m/libg_s.a(lib_a-puts.o)
 .debug_frame   0x0000000000000274       0xa8 /Applications/KDS_v3.app/Contents/toolchain/bin/../lib/gcc/arm-none-eabi/4.8.4/../../../../arm-none-eabi/lib/armv7e-m/libg_s.a(lib_a-vfprintf.o)
 .debug_frame   0x000000000000031c       0x60 /Applications/KDS_v3.app/Contents/toolchain/bin/../lib/gcc/arm-none-eabi/4.8.4/../../../../arm-none-eabi/lib/armv7e-m/libg_s.a(lib_a-vfprintf_i.o)
 .debug_frame   0x000000000000037c       0x3c /Applications/KDS_v3.app/Contents/toolchain/bin/../lib/gcc/arm-none-eabi/4.8.4/../../../../arm-none-eabi/lib/armv7e-m/libg_s.a(lib_a-wbuf.o)
 .debug_frame   0x00000000000003b8       0x2c /Applications/KDS_v3.app/Contents/toolchain/bin/../lib/gcc/arm-none-eabi/4.8.4/../../../../arm-none-eabi/lib/armv7e-m/libg_s.a(lib_a-wsetup.o)
 .debug_frame   0x00000000000003e4       0x5c /Applications/KDS_v3.app/Contents/toolchain/bin/../lib/gcc/arm-none-eabi/4.8.4/../../../../arm-none-eabi/lib/armv7e-m/libg_s.a(lib_a-fflush.o)
 .debug_frame   0x0000000000000440      0x12c /Applications/KDS_v3.app/Contents/toolchain/bin/../lib/gcc/arm-none-eabi/4.8.4/../../../../arm-none-eabi/lib/armv7e-m/libg_s.a(lib_a-findfp.o)
 .debug_frame   0x000000000000056c       0x30 /Applications/KDS_v3.app/Contents/toolchain/bin/../lib/gcc/arm-none-eabi/4.8.4/../../../../arm-none-eabi/lib/armv7e-m/libg_s.a(lib_a-makebuf.o)
 .debug_frame   0x000000000000059c       0x28 /Applications/KDS_v3.app/Contents/toolchain/bin/../lib/gcc/arm-none-eabi/4.8.4/../../../../arm-none-eabi/lib/armv7e-m/libg_s.a(lib_a-memchr-stub.o)
 .debug_frame   0x00000000000005c4       0x2c /Applications/KDS_v3.app/Contents/toolchain/bin/../lib/gcc/arm-none-eabi/4.8.4/../../../../arm-none-eabi/lib/armv7e-m/libg_s.a(lib_a-nano-freer.o)
 .debug_frame   0x00000000000005f0       0x2c /Applications/KDS_v3.app/Contents/toolchain/bin/../lib/gcc/arm-none-eabi/4.8.4/../../../../arm-none-eabi/lib/armv7e-m/libg_s.a(lib_a-nano-mallocr.o)
 .debug_frame   0x000000000000061c       0x2c /Applications/KDS_v3.app/Contents/toolchain/bin/../lib/gcc/arm-none-eabi/4.8.4/../../../../arm-none-eabi/lib/armv7e-m/libg_s.a(lib_a-sbrkr.o)
 .debug_frame   0x0000000000000648       0x80 /Applications/KDS_v3.app/Contents/toolchain/bin/../lib/gcc/arm-none-eabi/4.8.4/../../../../arm-none-eabi/lib/armv7e-m/libg_s.a(lib_a-stdio.o)
 .debug_frame   0x00000000000006c8       0x20 /Applications/KDS_v3.app/Contents/toolchain/bin/../lib/gcc/arm-none-eabi/4.8.4/../../../../arm-none-eabi/lib/armv7e-m/libg_s.a(lib_a-strlen.o)
 .debug_frame   0x00000000000006e8       0x2c /Applications/KDS_v3.app/Contents/toolchain/bin/../lib/gcc/arm-none-eabi/4.8.4/../../../../arm-none-eabi/lib/armv7e-m/libg_s.a(lib_a-writer.o)
 .debug_frame   0x0000000000000714       0x2c /Applications/KDS_v3.app/Contents/toolchain/bin/../lib/gcc/arm-none-eabi/4.8.4/../../../../arm-none-eabi/lib/armv7e-m/libg_s.a(lib_a-closer.o)
 .debug_frame   0x0000000000000740       0x2c /Applications/KDS_v3.app/Contents/toolchain/bin/../lib/gcc/arm-none-eabi/4.8.4/../../../../arm-none-eabi/lib/armv7e-m/libg_s.a(lib_a-fstatr.o)
 .debug_frame   0x000000000000076c       0x2c /Applications/KDS_v3.app/Contents/toolchain/bin/../lib/gcc/arm-none-eabi/4.8.4/../../../../arm-none-eabi/lib/armv7e-m/libg_s.a(lib_a-isattyr.o)
 .debug_frame   0x0000000000000798       0x2c /Applications/KDS_v3.app/Contents/toolchain/bin/../lib/gcc/arm-none-eabi/4.8.4/../../../../arm-none-eabi/lib/armv7e-m/libg_s.a(lib_a-lseekr.o)
 .debug_frame   0x00000000000007c4       0x2c /Applications/KDS_v3.app/Contents/toolchain/bin/../lib/gcc/arm-none-eabi/4.8.4/../../../../arm-none-eabi/lib/armv7e-m/libg_s.a(lib_a-readr.o)
 .debug_frame   0x00000000000007f0       0x48 /Applications/KDS_v3.app/Contents/toolchain/bin/../lib/gcc/arm-none-eabi/4.8.4/../../../../arm-none-eabi/lib/armv7e-m/libg_s.a(lib_a-reent.o)
 .debug_frame   0x0000000000000838       0x20 /Applications/KDS_v3.app/Contents/toolchain/bin/../lib/gcc/arm-none-eabi/4.8.4/../../../../arm-none-eabi/lib/armv7e-m/libnosys.a(close.o)
 .debug_frame   0x0000000000000858       0x20 /Applications/KDS_v3.app/Contents/toolchain/bin/../lib/gcc/arm-none-eabi/4.8.4/../../../../arm-none-eabi/lib/armv7e-m/libnosys.a(fstat.o)
 .debug_frame   0x0000000000000878       0x20 /Applications/KDS_v3.app/Contents/toolchain/bin/../lib/gcc/arm-none-eabi/4.8.4/../../../../arm-none-eabi/lib/armv7e-m/libnosys.a(isatty.o)
 .debug_frame   0x0000000000000898       0x20 /Applications/KDS_v3.app/Contents/toolchain/bin/../lib/gcc/arm-none-eabi/4.8.4/../../../../arm-none-eabi/lib/armv7e-m/libnosys.a(lseek.o)
 .debug_frame   0x00000000000008b8       0x20 /Applications/KDS_v3.app/Contents/toolchain/bin/../lib/gcc/arm-none-eabi/4.8.4/../../../../arm-none-eabi/lib/armv7e-m/libnosys.a(read.o)
 .debug_frame   0x00000000000008d8       0x20 /Applications/KDS_v3.app/Contents/toolchain/bin/../lib/gcc/arm-none-eabi/4.8.4/../../../../arm-none-eabi/lib/armv7e-m/libnosys.a(sbrk.o)
 .debug_frame   0x00000000000008f8       0x20 /Applications/KDS_v3.app/Contents/toolchain/bin/../lib/gcc/arm-none-eabi/4.8.4/../../../../arm-none-eabi/lib/armv7e-m/libnosys.a(write.o)
 .debug_frame   0x0000000000000918       0x20 /Applications/KDS_v3.app/Contents/toolchain/bin/../lib/gcc/arm-none-eabi/4.8.4/../../../../arm-none-eabi/lib/armv7e-m/libnosys.a(_exit.o)

.stab           0x0000000000000000       0x9c
 .stab          0x0000000000000000       0x24 /Applications/KDS_v3.app/Contents/toolchain/bin/../lib/gcc/arm-none-eabi/4.8.4/../../../../arm-none-eabi/lib/armv7e-m/libnosys.a(close.o)
 .stab          0x0000000000000024       0x18 /Applications/KDS_v3.app/Contents/toolchain/bin/../lib/gcc/arm-none-eabi/4.8.4/../../../../arm-none-eabi/lib/armv7e-m/libnosys.a(fstat.o)
                                         0x24 (size before relaxing)
 .stab          0x000000000000003c       0x18 /Applications/KDS_v3.app/Contents/toolchain/bin/../lib/gcc/arm-none-eabi/4.8.4/../../../../arm-none-eabi/lib/armv7e-m/libnosys.a(isatty.o)
                                         0x24 (size before relaxing)
 .stab          0x0000000000000054       0x18 /Applications/KDS_v3.app/Contents/toolchain/bin/../lib/gcc/arm-none-eabi/4.8.4/../../../../arm-none-eabi/lib/armv7e-m/libnosys.a(lseek.o)
                                         0x24 (size before relaxing)
 .stab          0x000000000000006c       0x18 /Applications/KDS_v3.app/Contents/toolchain/bin/../lib/gcc/arm-none-eabi/4.8.4/../../../../arm-none-eabi/lib/armv7e-m/libnosys.a(read.o)
                                         0x24 (size before relaxing)
 .stab          0x0000000000000084       0x18 /Applications/KDS_v3.app/Contents/toolchain/bin/../lib/gcc/arm-none-eabi/4.8.4/../../../../arm-none-eabi/lib/armv7e-m/libnosys.a(write.o)
                                         0x24 (size before relaxing)

.stabstr        0x0000000000000000      0x14d
 .stabstr       0x0000000000000000      0x14d /Applications/KDS_v3.app/Contents/toolchain/bin/../lib/gcc/arm-none-eabi/4.8.4/../../../../arm-none-eabi/lib/armv7e-m/libnosys.a(close.o)
